---
source: src/ui/layout.rs
expression: output
---
┌ Sources ─────────────────────────────┐┌ Logs ────────────────────────────────┐
│Standalone profiles (2)               ││                                      │
│├ MyPro... vless  very-long-hostnam...││                                      │
│└ Short    vless  1.1.1.1:443         ││                                      │
│                                      ││                                      │
│                                      ││                                      │
│                                      ││                                      │
│                                      ││                                      │
│                                      ││                                      │
│                                      ││                                      │
│                                      ││                                      │
│                                      ││                                      │
│                                      ││                                      │
│                                      ││                                      │
│                                      ││                                      │
│                                      ││                                      │
│                                      ││                                      │
│                                      ││                                      │
└──────────────────────────────────────┘└──────────────────────────────────────┘
[DISCONNECTED] [DNS: DoH] [Global] [Geo: 2026-05-31 13:41]
