---
source: src/ui/layout.rs
expression: "snapshot_terminal(&model, 80, 20)"
---
┌ Sources ─────────────────────────────┐┌ Logs ────────────────────────────────┐
│No sources. Press p to paste a profile││                                      │
│or subscription URL from clipboard.   ││                                      │
│                                      ││                                      │
│                                      ││                                      │
│               ┌ Routing Mode ────────────────────────────────┐               │
│               │              Select routing mode             │               │
│               │                                              │               │
│               │                   > Global                   │               │
│               │                                              │               │
│               │    j/k navigate, Enter confirm, Esc cancel   │               │
│               │                                              │               │
│               │                                              │               │
│               │                                              │               │
│               └──────────────────────────────────────────────┘               │
│                                      ││                                      │
│                                      ││                                      │
│                                      ││                                      │
└──────────────────────────────────────┘└──────────────────────────────────────┘
[DISCONNECTED] [DNS: DoH] [Global]
